version https://git-lfs.github.com/spec/v1
oid sha256:1df780d992801428c64169e929da57fbe4b41d129f6f0764d7713ce332c3d2b7
size 10410
