version https://git-lfs.github.com/spec/v1
oid sha256:eba617bd090b674c21727ffb9c9b8fb11ae93f7925d8382a165e63372f710ebf
size 138325
