version https://git-lfs.github.com/spec/v1
oid sha256:afafd2f8535b9de4e9742b5a4a48afff2735505ad7bc07ec6e583a562f23f40f
size 3422
